C51 COMPILER V6.02  UART                                                                   11/30/2015 00:31:38 PAGE 1   


C51 COMPILER V6.02, COMPILATION OF MODULE UART
OBJECT MODULE PLACED IN .\UART.OBJ
COMPILER INVOKED BY: C:\Keil\C51\BIN\C51.EXE .\UART.c DEBUG OBJECTEXTEND

stmt level    source

   1          #include <stdio.h>
   2          #include "main.h"
   3          #include "UART.h"
   4          
   5          
   6          /***********************************************************************
   7          DESC:    Initializes UART for mode 1
   8                   Baudrate: 9600
   9          INPUT: Nothing
  10          RETURNS: Nothing
  11          CAUTION: Uses Baudrate Generator instead of a standard timer
  12          ************************************************************************/
  13          void uart_init(void)
  14          {
  15   1        
  16   1        // configure UART
  17   1        // set or clear SMOD0
  18   1        PCON |= (SMOD1 << 7);
  19   1        PCON &= ~((~(SMOD1) <<7) | 0x40);
  20   1        SCON = UART_MODE1|RECEIVE_ENABLE;
  21   1      
  22   1        // Initialize Baud Rate Generator
  23   1        BDRCON=0;   //Stops and disables Baud Rate Gen.
  24   1        BRL= BAUD_RATE_RELOAD;
  25   1        BDRCON= (0x1C | (SPD << 1));  // Enables Baud Rate Gen. for RxD and TxD
  26   1      
  27   1        // initially not busy
  28   1      
  29   1        TI=1;
  30   1      
  31   1        // serial interrupt is disabled
  32   1        ES=0;
  33   1      
  34   1      
  35   1      } // uart_init
  36          
  37          
  38          


MODULE INFORMATION:   STATIC OVERLAYABLE
   CODE SIZE        =     20    ----
   CONSTANT SIZE    =   ----    ----
   XDATA SIZE       =   ----    ----
   PDATA SIZE       =   ----    ----
   DATA SIZE        =   ----    ----
   IDATA SIZE       =   ----    ----
   BIT SIZE         =   ----    ----
END OF MODULE INFORMATION.


C51 COMPILATION COMPLETE.  0 WARNING(S),  0 ERROR(S)
